PASS test/controllers/other.test.js
PASS test/controllers/product.test.js

Test Suites: 2 passed, 2 total
Tests:       3 passed, 3 total
Snapshots:   0 total
Time:        0.794 s, estimated 1 s
Ran all test suites.
